ðŸŒŸ This was machine generated.  Do not edit. ðŸŒŸ

Frame[0] {
    "executedQueryString": "time_zone=gmt\u0026application=Grafana\u0026format=json\u0026datum=STND\u0026units=metric\u0026begin_date=20201001+00%3A00\u0026end_date=20201002+00%3A01\u0026station=9414750\u0026product=air_temperature"
}
Name: air_temperature
Dimensions: 2 Fields by 241 Rows
+-------------------------------+-----------------+
| Name: Time                    | Name: Value     |
| Labels:                       | Labels:         |
| Type: []time.Time             | Type: []float64 |
+-------------------------------+-----------------+
| 2020-10-01 00:00:00 +0000 UTC | 22.7            |
| 2020-10-01 00:06:00 +0000 UTC | 23.2            |
| 2020-10-01 00:12:00 +0000 UTC | 23.4            |
| 2020-10-01 00:18:00 +0000 UTC | 23.9            |
| 2020-10-01 00:24:00 +0000 UTC | 24.7            |
| 2020-10-01 00:30:00 +0000 UTC | 25.9            |
| 2020-10-01 00:36:00 +0000 UTC | 26.5            |
| 2020-10-01 00:42:00 +0000 UTC | 26.6            |
| 2020-10-01 00:48:00 +0000 UTC | 25.9            |
| ...                           | ...             |
+-------------------------------+-----------------+


====== TEST DATA RESPONSE (arrow base64) ======
FRAME=QVJST1cxAAD/////eAIAABAAAAAAAAoADgAMAAsABAAKAAAAFAAAAAAAAAEDAAoADAAAAAgABAAKAAAACAAAAGQBAAADAAAAWAAAACgAAAAEAAAAGP7//wgAAAAMAAAAAAAAAAAAAAAFAAAAcmVmSWQAAAA4/v//CAAAABgAAAAPAAAAYWlyX3RlbXBlcmF0dXJlAAQAAABuYW1lAAAAAGT+//8IAAAA8AAAAOUAAAB7ImV4ZWN1dGVkUXVlcnlTdHJpbmciOiJ0aW1lX3pvbmU9Z210XHUwMDI2YXBwbGljYXRpb249R3JhZmFuYVx1MDAyNmZvcm1hdD1qc29uXHUwMDI2ZGF0dW09U1RORFx1MDAyNnVuaXRzPW1ldHJpY1x1MDAyNmJlZ2luX2RhdGU9MjAyMDEwMDErMDAlM0EwMFx1MDAyNmVuZF9kYXRlPTIwMjAxMDAyKzAwJTNBMDFcdTAwMjZzdGF0aW9uPTk0MTQ3NTBcdTAwMjZwcm9kdWN0PWFpcl90ZW1wZXJhdHVyZSJ9AAAABAAAAG1ldGEAAAAAAgAAAHQAAAAEAAAApv///xQAAAA8AAAAPAAAAAAAAAM8AAAAAQAAAAQAAACU////CAAAABAAAAAFAAAAVmFsdWUAAAAEAAAAbmFtZQAAAAAAAAAAiv///wAAAgAFAAAAVmFsdWUAEgAYABQAAAATAAwAAAAIAAQAEgAAABQAAABEAAAATAAAAAAAAApMAAAAAQAAAAwAAAAIAAwACAAEAAgAAAAIAAAAEAAAAAQAAABUaW1lAAAAAAQAAABuYW1lAAAAAAAAAAAAAAYACAAGAAYAAAAAAAMABAAAAFRpbWUAAAAA/////7gAAAAUAAAAAAAAAAwAFgAUABMADAAEAAwAAAAQDwAAAAAAABQAAAAAAAADAwAKABgADAAIAAQACgAAABQAAABYAAAA8QAAAAAAAAAAAAAABAAAAAAAAAAAAAAAAAAAAAAAAAAAAAAAAAAAAIgHAAAAAAAAiAcAAAAAAAAAAAAAAAAAAIgHAAAAAAAAiAcAAAAAAAAAAAAAAgAAAPEAAAAAAAAAAAAAAAAAAADxAAAAAAAAAAAAAAAAAAAAAAAYQDm1ORYAEMQRjbU5FgAgcOPgtTkWADActTS2ORYAQMiGiLY5FgBQdFjctjkWAGAgKjC3ORYAcMz7g7c5FgCAeM3XtzkWAJAknyu4ORYAoNBwf7g5FgCwfELTuDkWAMAoFCe5ORYA0NTlerk5FgDggLfOuTkWAPAsiSK6ORYAANladro5FgAQhSzKujkWACAx/h27ORYAMN3Pcbs5FgBAiaHFuzkWAFA1cxm8ORYAYOFEbbw5FgBwjRbBvDkWAIA56BS9ORYAkOW5aL05FgCgkYu8vTkWALA9XRC+ORYAwOkuZL45FgDQlQC4vjkWAOBB0gu/ORYA8O2jX785FgAAmnWzvzkWABBGRwfAORYAIPIYW8A5FgAwnuquwDkWAEBKvALBORYAUPaNVsE5FgBgol+qwTkWAHBOMf7BORYAgPoCUsI5FgCQptSlwjkWAKBSpvnCORYAsP53TcM5FgDAqkmhwzkWANBWG/XDORYA4ALtSMQ5FgDwrr6cxDkWAABbkPDEORYAEAdiRMU5FgAgszOYxTkWADBfBezFORYAQAvXP8Y5FgBQt6iTxjkWAGBjeufGORYAcA9MO8c5FgCAux2PxzkWAJBn7+LHORYAoBPBNsg5FgCwv5KKyDkWAMBrZN7IORYA0Bc2Msk5FgDgwweGyTkWAPBv2dnJORYAAByrLco5FgAQyHyByjkWACB0TtXKORYAMCAgKcs5FgBAzPF8yzkWAFB4w9DLORYAYCSVJMw5FgBw0GZ4zDkWAIB8OMzMORYAkCgKIM05FgCg1NtzzTkWALCArcfNORYAwCx/G845FgDQ2FBvzjkWAOCEIsPOORYA8DD0Fs85FgAA3cVqzzkWABCJl77PORYAIDVpEtA5FgAw4Tpm0DkWAECNDLrQORYAUDneDdE5FgBg5a9h0TkWAHCRgbXRORYAgD1TCdI5FgCQ6SRd0jkWAKCV9rDSORYAsEHIBNM5FgDA7ZlY0zkWANCZa6zTORYA4EU9ANQ5FgDw8Q5U1DkWAACe4KfUORYAEEqy+9Q5FgAg9oNP1TkWADCiVaPVORYAQE4n99U5FgBQ+vhK1jkWAGCmyp7WORYAcFKc8tY5FgCA/m1G1zkWAJCqP5rXORYAoFYR7tc5FgCwAuNB2DkWAMCutJXYORYA0FqG6dg5FgDgBlg92TkWAPCyKZHZORYAAF/75Nk5FgAQC8042jkWACC3nozaORYAMGNw4No5FgBAD0I02zkWAFC7E4jbORYAYGfl29s5FgBwE7cv3DkWAIC/iIPcORYAkGta19w5FgCgFywr3TkWALDD/X7dORYAwG/P0t05FgDQG6Em3jkWAODHcnreORYA8HNEzt45FgAAIBYi3zkWABDM53XfORYAIHi5yd85FgAwJIsd4DkWAEDQXHHgORYAUHwuxeA5FgBgKAAZ4TkWAHDU0WzhORYAgICjwOE5FgCQLHUU4jkWAKDYRmjiORYAsIQYvOI5FgDAMOoP4zkWANDcu2PjORYA4IiNt+M5FgDwNF8L5DkWAADhMF/kORYAEI0Cs+Q5FgAgOdQG5TkWADDlpVrlORYAQJF3ruU5FgBQPUkC5jkWAGDpGlbmORYAcJXsqeY5FgCAQb795jkWAJDtj1HnORYAoJlhpec5FgCwRTP55zkWAMDxBE3oORYA0J3WoOg5FgDgSaj06DkWAPD1eUjpORYAAKJLnOk5FgAQTh3w6TkWACD67kPqORYAMKbAl+o5FgBAUpLr6jkWAFD+Yz/rORYAYKo1k+s5FgBwVgfn6zkWAIAC2TrsORYAkK6qjuw5FgCgWnzi7DkWALAGTjbtORYAwLIfiu05FgDQXvHd7TkWAOAKwzHuORYA8LaUhe45FgAAY2bZ7jkWABAPOC3vORYAILsJge85FgAwZ9vU7zkWAEATrSjwORYAUL9+fPA5FgBga1DQ8DkWAHAXIiTxORYAgMPzd/E5FgCQb8XL8TkWAKAblx/yORYAsMdoc/I5FgDAczrH8jkWANAfDBvzORYA4MvdbvM5FgDwd6/C8zkWAAAkgRb0ORYAENBSavQ5FgAgfCS+9DkWADAo9hH1ORYAQNTHZfU5FgBQgJm59TkWAGAsaw32ORYAcNg8YfY5FgCAhA619jkWAJAw4Aj3ORYAoNyxXPc5FgCwiIOw9zkWAMA0VQT4ORYA0OAmWPg5FgDgjPir+DkWAPA4yv/4ORYAAOWbU/k5FgAQkW2n+TkWACA9P/v5ORYAMOkQT/o5FgBAleKi+jkWAFBBtPb6ORYAYO2FSvs5FgBwmVee+zkWAIBFKfL7ORYAkPH6Rfw5FgCgncyZ/DkWALBJnu38ORYAwPVvQf05FgDQoUGV/TkWAOBNE+n9ORYA8PnkPP45FgAApraQ/jkWABBSiOT+ORYAIP5ZOP85FgAwqiuM/zkWAEBW/d//ORYAUALPMwA6FgBgrqCHADoWAHBactsAOhYAgAZELwE6FgCQshWDAToWAKBe59YBOhYAsAq5KgI6FgDAtop+AjoWANBiXNICOhYA4A4uJgM6FgDwuv95AzoWAABn0c0DOhYzMzMzM7M2QDMzMzMzMzdAZmZmZmZmN0BmZmZmZuY3QDMzMzMzszhAZmZmZmbmOUAAAAAAAIA6QJqZmZmZmTpAZmZmZmbmOUDNzMzMzEw6QAAAAAAAgDpAmpmZmZkZOkAzMzMzMzM5QJqZmZmZmThAAAAAAACAOECamZmZmZk4QDMzMzMzszhAMzMzMzOzOECamZmZmZk4QDMzMzMzMzhAzczMzMzMN0AAAAAAAIA3QDMzMzMzMzdAmpmZmZkZN0CamZmZmRk3QAAAAAAAgDZAZmZmZmbmNUAAAAAAAAA2QJqZmZmZGTZAmpmZmZkZNkAzMzMzMzM2QAAAAAAAADZAmpmZmZkZNkAAAAAAAAA2QJqZmZmZGTZAmpmZmZkZNkAAAAAAAAA2QJqZmZmZGTZAAAAAAAAANkBmZmZmZuY1QAAAAAAAADZAzczMzMzMNUDNzMzMzMw1QAAAAAAAAAAAzczMzMxMNUAzMzMzMzM1QAAAAAAAgDRAzczMzMxMNEDNzMzMzEw0QM3MzMzMTDRAzczMzMxMNEDNzMzMzEw0QM3MzMzMTDRAmpmZmZkZNEAAAAAAAAA0QDMzMzMzMzRAMzMzMzMzNEAzMzMzMzM0QAAAAAAAgDRAAAAAAACANEBmZmZmZmY0QJqZmZmZmTRAzczMzMzMNEAzMzMzM7M0QGZmZmZm5jRAAAAAAACANECamZmZmZk0QM3MzMzMTDRAzczMzMxMNEAAAAAAAIA0QAAAAAAAgDRAAAAAAAAANEAAAAAAAAA0QDMzMzMzszNAMzMzMzOzM0AAAAAAAAA0QDMzMzMzMzRAAAAAAACANEAAAAAAAIA0QAAAAAAAgDRAAAAAAACANEAzMzMzMzM0QDMzMzMzMzRAAAAAAACANECamZmZmRk0QGZmZmZm5jNAAAAAAACAM0AAAAAAAIAzQDMzMzMzszNAmpmZmZmZM0AzMzMzM7MzQJqZmZmZmTNAMzMzMzOzM0BmZmZmZuYzQGZmZmZm5jNAMzMzMzMzNEAAAAAAAAA0QJqZmZmZGTRAZmZmZmbmM0BmZmZmZuYzQJqZmZmZGTRAAAAAAACAM0BmZmZmZuYzQAAAAAAAADRAmpmZmZkZNEAzMzMzM7MzQAAAAAAAADRAMzMzMzMzNEAAAAAAAAA0QM3MzMzMzDNAzczMzMzMM0AzMzMzM7MzQAAAAAAAgDNAZmZmZmZmM0AAAAAAAIAzQAAAAAAAgDNAAAAAAACAM0AAAAAAAIAzQJqZmZmZmTNAzczMzMzMM0AAAAAAAAA0QDMzMzMzMzRAZmZmZmbmM0BmZmZmZuYzQDMzMzMzszNAmpmZmZmZM0BmZmZmZmYzQJqZmZmZmTNAAAAAAACAM0DNzMzMzEwzQM3MzMzMTDNAzczMzMxMM0DNzMzMzEwzQGZmZmZmZjNAZmZmZmZmM0BmZmZmZmYzQM3MzMzMTDNAzczMzMxMM0DNzMzMzEwzQM3MzMzMTDNAMzMzMzMzM0AzMzMzMzMzQDMzMzMzMzNAMzMzMzMzM0AzMzMzMzMzQDMzMzMzMzNAmpmZmZkZM0AAAAAAAAAAADMzMzMzMzNAZmZmZmZmM0AAAAAAAIAzQAAAAAAAgDNAMzMzMzOzM0BmZmZmZuYzQGZmZmZm5jNAAAAAAAAANEAAAAAAAAA0QJqZmZmZGTRAzczMzMxMNECamZmZmZk0QDMzMzMzszRAzczMzMzMNEDNzMzMzMw0QAAAAAAAADVAMzMzMzMzNUDNzMzMzEw1QGZmZmZmZjVAAAAAAACANUAzMzMzM7M1QM3MzMzMzDVAmpmZmZkZNkCamZmZmRk2QDMzMzMzMzZAAAAAAAAANkAAAAAAAAA2QGZmZmZmZjZAzczMzMzMNkCamZmZmRk3QGZmZmZmZjdAMzMzMzOzN0BmZmZmZmY3QJqZmZmZGTdAmpmZmZkZN0AAAAAAAAAAAGZmZmZmZjZAZmZmZmZmNkAzMzMzM7M2QJqZmZmZGTdAzczMzMxMN0DNzMzMzEw3QDMzMzMzMzdAZmZmZmbmNkDNzMzMzEw3QJqZmZmZGTdAMzMzMzMzN0AzMzMzMzM3QJqZmZmZGTdAMzMzMzMzN0AAAAAAAIA3QM3MzMzMzDdAzczMzMxMOECamZmZmZk4QAAAAAAAADlAAAAAAACAOUCamZmZmRk5QM3MzMzMTDlAAAAAAAAAOUBmZmZmZuY4QAAAAAAAgDlAMzMzMzOzOUAzMzMzM7M5QAAAAAAAgDlAzczMzMzMOUBmZmZmZmY6QM3MzMzMzDpAAAAAAACAOkBmZmZmZuY6QAAAAAAAADpAzczMzMzMOEBmZmZmZuY4QM3MzMzMzDlAMzMzMzMzOkAAAAAAAAAAAJqZmZmZmTpAZmZmZmbmO0AzMzMzMzM8QAAAAAAAgDxAMzMzMzOzPEBmZmZmZuY8QAAAAAAAAD1AAAAAAACAPUBmZmZmZmY9QAAAAAAAAD1AMzMzMzMzPEAzMzMzM7M7QGZmZmZm5jtAZmZmZmbmO0AAAAAAAIA7QAAAAAAAADtAAAAAAAAAO0AAAAAAAAA7QBAAAAAMABQAEgAMAAgABAAMAAAAEAAAACwAAAA8AAAAAAADAAEAAACIAgAAAAAAAMAAAAAAAAAAEA8AAAAAAAAAAAAAAAAAAAAAAAAAAAoADAAAAAgABAAKAAAACAAAAGQBAAADAAAAWAAAACgAAAAEAAAAGP7//wgAAAAMAAAAAAAAAAAAAAAFAAAAcmVmSWQAAAA4/v//CAAAABgAAAAPAAAAYWlyX3RlbXBlcmF0dXJlAAQAAABuYW1lAAAAAGT+//8IAAAA8AAAAOUAAAB7ImV4ZWN1dGVkUXVlcnlTdHJpbmciOiJ0aW1lX3pvbmU9Z210XHUwMDI2YXBwbGljYXRpb249R3JhZmFuYVx1MDAyNmZvcm1hdD1qc29uXHUwMDI2ZGF0dW09U1RORFx1MDAyNnVuaXRzPW1ldHJpY1x1MDAyNmJlZ2luX2RhdGU9MjAyMDEwMDErMDAlM0EwMFx1MDAyNmVuZF9kYXRlPTIwMjAxMDAyKzAwJTNBMDFcdTAwMjZzdGF0aW9uPTk0MTQ3NTBcdTAwMjZwcm9kdWN0PWFpcl90ZW1wZXJhdHVyZSJ9AAAABAAAAG1ldGEAAAAAAgAAAHQAAAAEAAAApv///xQAAAA8AAAAPAAAAAAAAAM8AAAAAQAAAAQAAACU////CAAAABAAAAAFAAAAVmFsdWUAAAAEAAAAbmFtZQAAAAAAAAAAiv///wAAAgAFAAAAVmFsdWUAEgAYABQAAAATAAwAAAAIAAQAEgAAABQAAABEAAAATAAAAAAAAApMAAAAAQAAAAwAAAAIAAwACAAEAAgAAAAIAAAAEAAAAAQAAABUaW1lAAAAAAQAAABuYW1lAAAAAAAAAAAAAAYACAAGAAYAAAAAAAMABAAAAFRpbWUAAAAAqAIAAEFSUk9XMQ==
