ðŸŒŸ This was machine generated.  Do not edit. ðŸŒŸ

Frame[0] {
    "executedQueryString": "time_zone=gmt\u0026application=Grafana\u0026format=json\u0026datum=STND\u0026units=metric\u0026begin_date=20201001+00%3A01\u0026end_date=20201002+00%3A03\u0026station=9414750\u0026product=high_low"
}
Name: high_low
Dimensions: 3 Fields by 4 Rows
+-------------------------------+-----------------+----------------+
| Name: Time                    | Name: Value     | Name: HighLow  |
| Labels:                       | Labels:         | Labels:        |
| Type: []time.Time             | Type: []float64 | Type: []string |
+-------------------------------+-----------------+----------------+
| 2020-10-01 01:06:00 +0000 UTC | 1.408           | L              |
| 2020-10-01 07:18:00 +0000 UTC | 2.902           | H              |
| 2020-10-01 13:18:00 +0000 UTC | 1.276           | LL             |
| 2020-10-01 19:48:00 +0000 UTC | 2.91            | HH             |
+-------------------------------+-----------------+----------------+


====== TEST DATA RESPONSE (arrow base64) ======
FRAME=QVJST1cxAAD/////AAMAABAAAAAAAAoADgAMAAsABAAKAAAAFAAAAAAAAAEDAAoADAAAAAgABAAKAAAACAAAAFgBAAADAAAAVAAAACgAAAAEAAAAkP3//wgAAAAMAAAAAAAAAAAAAAAFAAAAcmVmSWQAAACw/f//CAAAABQAAAAIAAAAaGlnaF9sb3cAAAAABAAAAG5hbWUAAAAA2P3//wgAAADoAAAA3gAAAHsiZXhlY3V0ZWRRdWVyeVN0cmluZyI6InRpbWVfem9uZT1nbXRcdTAwMjZhcHBsaWNhdGlvbj1HcmFmYW5hXHUwMDI2Zm9ybWF0PWpzb25cdTAwMjZkYXR1bT1TVE5EXHUwMDI2dW5pdHM9bWV0cmljXHUwMDI2YmVnaW5fZGF0ZT0yMDIwMTAwMSswMCUzQTAxXHUwMDI2ZW5kX2RhdGU9MjAyMDEwMDIrMDAlM0EwM1x1MDAyNnN0YXRpb249OTQxNDc1MFx1MDAyNnByb2R1Y3Q9aGlnaF9sb3cifQAABAAAAG1ldGEAAAAAAwAAAAgBAABkAAAABAAAABb///8UAAAAPAAAAEAAAAAAAAAFPAAAAAEAAAAEAAAABP///wgAAAAQAAAABwAAAEhpZ2hMb3cABAAAAG5hbWUAAAAAAAAAAAQABAAEAAAABwAAAEhpZ2hMb3cAcv///xQAAABwAAAAcAAAAAAAAANwAAAAAgAAACwAAAAEAAAAZP///wgAAAAQAAAABQAAAFZhbHVlAAAABAAAAG5hbWUAAAAAiP///wgAAAAcAAAAEgAAAHsidW5pdCI6Imxlbmd0aG0ifQAABgAAAGNvbmZpZwAAAAAAAIr///8AAAIABQAAAFZhbHVlABIAGAAUAAAAEwAMAAAACAAEABIAAAAUAAAARAAAAEwAAAAAAAAKTAAAAAEAAAAMAAAACAAMAAgABAAIAAAACAAAABAAAAAEAAAAVGltZQAAAAAEAAAAbmFtZQAAAAAAAAAAAAAGAAgABgAGAAAAAAADAAQAAABUaW1lAAAAAP/////4AAAAFAAAAAAAAAAMABYAFAATAAwABAAMAAAAYAAAAAAAAAAUAAAAAAAAAwMACgAYAAwACAAEAAoAAAAUAAAAiAAAAAQAAAAAAAAAAAAAAAcAAAAAAAAAAAAAAAAAAAAAAAAAAAAAAAAAAAAgAAAAAAAAACAAAAAAAAAAAAAAAAAAAAAgAAAAAAAAACAAAAAAAAAAQAAAAAAAAAAAAAAAAAAAAEAAAAAAAAAAGAAAAAAAAABYAAAAAAAAAAgAAAAAAAAAAAAAAAMAAAAEAAAAAAAAAAAAAAAAAAAABAAAAAAAAAAAAAAAAAAAAAQAAAAAAAAAAAAAAAAAAAAAsHxC07g5FgCQKAogzTkWAFB8LsXgORYAYCxrDfY5FrpJDAIrh/Y/nu+nxks3B0DRItv5fmr0P0jhehSuRwdAAAAAAAIAAAAEAAAABgAAAAgAAAAAAAAATCBIIExMSEgQAAAADAAUABIADAAIAAQADAAAABAAAAAsAAAAPAAAAAAAAwABAAAAEAMAAAAAAAAAAQAAAAAAAGAAAAAAAAAAAAAAAAAAAAAAAAAAAAAKAAwAAAAIAAQACgAAAAgAAABYAQAAAwAAAFQAAAAoAAAABAAAAJD9//8IAAAADAAAAAAAAAAAAAAABQAAAHJlZklkAAAAsP3//wgAAAAUAAAACAAAAGhpZ2hfbG93AAAAAAQAAABuYW1lAAAAANj9//8IAAAA6AAAAN4AAAB7ImV4ZWN1dGVkUXVlcnlTdHJpbmciOiJ0aW1lX3pvbmU9Z210XHUwMDI2YXBwbGljYXRpb249R3JhZmFuYVx1MDAyNmZvcm1hdD1qc29uXHUwMDI2ZGF0dW09U1RORFx1MDAyNnVuaXRzPW1ldHJpY1x1MDAyNmJlZ2luX2RhdGU9MjAyMDEwMDErMDAlM0EwMVx1MDAyNmVuZF9kYXRlPTIwMjAxMDAyKzAwJTNBMDNcdTAwMjZzdGF0aW9uPTk0MTQ3NTBcdTAwMjZwcm9kdWN0PWhpZ2hfbG93In0AAAQAAABtZXRhAAAAAAMAAAAIAQAAZAAAAAQAAAAW////FAAAADwAAABAAAAAAAAABTwAAAABAAAABAAAAAT///8IAAAAEAAAAAcAAABIaWdoTG93AAQAAABuYW1lAAAAAAAAAAAEAAQABAAAAAcAAABIaWdoTG93AHL///8UAAAAcAAAAHAAAAAAAAADcAAAAAIAAAAsAAAABAAAAGT///8IAAAAEAAAAAUAAABWYWx1ZQAAAAQAAABuYW1lAAAAAIj///8IAAAAHAAAABIAAAB7InVuaXQiOiJsZW5ndGhtIn0AAAYAAABjb25maWcAAAAAAACK////AAACAAUAAABWYWx1ZQASABgAFAAAABMADAAAAAgABAASAAAAFAAAAEQAAABMAAAAAAAACkwAAAABAAAADAAAAAgADAAIAAQACAAAAAgAAAAQAAAABAAAAFRpbWUAAAAABAAAAG5hbWUAAAAAAAAAAAAABgAIAAYABgAAAAAAAwAEAAAAVGltZQAAAAAwAwAAQVJST1cx
