ðŸŒŸ This was machine generated.  Do not edit. ðŸŒŸ

Frame[0] {
    "executedQueryString": "time_zone=gmt\u0026application=Grafana\u0026format=json\u0026datum=STND\u0026units=metric\u0026date=latest\u0026station=9414750\u0026product=predictions"
}
Name: predictions
Dimensions: 2 Fields by 6 Rows
+-------------------------------+-----------------+
| Name: Time                    | Name: Value     |
| Labels:                       | Labels:         |
| Type: []time.Time             | Type: []float64 |
+-------------------------------+-----------------+
| 2020-12-13 22:18:00 +0000 UTC | 1.501           |
| 2020-12-13 22:24:00 +0000 UTC | 1.443           |
| 2020-12-13 22:30:00 +0000 UTC | 1.387           |
| 2020-12-13 22:36:00 +0000 UTC | 1.332           |
| 2020-12-13 22:42:00 +0000 UTC | 1.278           |
| 2020-12-13 22:48:00 +0000 UTC | 1.226           |
+-------------------------------+-----------------+


====== TEST DATA RESPONSE (arrow base64) ======
FRAME=QVJST1cxAAD/////eAIAABAAAAAAAAoADgAMAAsABAAKAAAAFAAAAAAAAAEDAAoADAAAAAgABAAKAAAACAAAACwBAAADAAAAVAAAACgAAAAEAAAAHP7//wgAAAAMAAAAAAAAAAAAAAAFAAAAcmVmSWQAAAA8/v//CAAAABQAAAALAAAAcHJlZGljdGlvbnMABAAAAG5hbWUAAAAAZP7//wgAAAC8AAAAsgAAAHsiZXhlY3V0ZWRRdWVyeVN0cmluZyI6InRpbWVfem9uZT1nbXRcdTAwMjZhcHBsaWNhdGlvbj1HcmFmYW5hXHUwMDI2Zm9ybWF0PWpzb25cdTAwMjZkYXR1bT1TVE5EXHUwMDI2dW5pdHM9bWV0cmljXHUwMDI2ZGF0ZT1sYXRlc3RcdTAwMjZzdGF0aW9uPTk0MTQ3NTBcdTAwMjZwcm9kdWN0PXByZWRpY3Rpb25zIn0AAAQAAABtZXRhAAAAAAIAAACoAAAABAAAAHL///8UAAAAcAAAAHAAAAAAAAADcAAAAAIAAAAsAAAABAAAAGT///8IAAAAEAAAAAUAAABWYWx1ZQAAAAQAAABuYW1lAAAAAIj///8IAAAAHAAAABIAAAB7InVuaXQiOiJsZW5ndGhtIn0AAAYAAABjb25maWcAAAAAAACK////AAACAAUAAABWYWx1ZQASABgAFAAAABMADAAAAAgABAASAAAAFAAAAEQAAABMAAAAAAAACkwAAAABAAAADAAAAAgADAAIAAQACAAAAAgAAAAQAAAABAAAAFRpbWUAAAAABAAAAG5hbWUAAAAAAAAAAAAABgAIAAYABgAAAAAAAwAEAAAAVGltZQAAAAAAAAAA/////7gAAAAUAAAAAAAAAAwAFgAUABMADAAEAAwAAABgAAAAAAAAABQAAAAAAAADAwAKABgADAAIAAQACgAAABQAAABYAAAABgAAAAAAAAAAAAAABAAAAAAAAAAAAAAAAAAAAAAAAAAAAAAAAAAAADAAAAAAAAAAMAAAAAAAAAAAAAAAAAAAADAAAAAAAAAAMAAAAAAAAAAAAAAAAgAAAAYAAAAAAAAAAAAAAAAAAAAGAAAAAAAAAAAAAAAAAAAAAPCAVJpmUBYAAC0m7mZQFgAQ2fdBZ1AWACCFyZVnUBYAMDGb6WdQFgBA3Ww9aFAWarx0kxgE+D9KDAIrhxb3P/7UeOkmMfY/HVpkO99P9T+mm8QgsHL0PwRWDi2ynfM/EAAAAAwAFAASAAwACAAEAAwAAAAQAAAALAAAADgAAAAAAAMAAQAAAIgCAAAAAAAAwAAAAAAAAABgAAAAAAAAAAAAAAAAAAAAAAAKAAwAAAAIAAQACgAAAAgAAAAsAQAAAwAAAFQAAAAoAAAABAAAABz+//8IAAAADAAAAAAAAAAAAAAABQAAAHJlZklkAAAAPP7//wgAAAAUAAAACwAAAHByZWRpY3Rpb25zAAQAAABuYW1lAAAAAGT+//8IAAAAvAAAALIAAAB7ImV4ZWN1dGVkUXVlcnlTdHJpbmciOiJ0aW1lX3pvbmU9Z210XHUwMDI2YXBwbGljYXRpb249R3JhZmFuYVx1MDAyNmZvcm1hdD1qc29uXHUwMDI2ZGF0dW09U1RORFx1MDAyNnVuaXRzPW1ldHJpY1x1MDAyNmRhdGU9bGF0ZXN0XHUwMDI2c3RhdGlvbj05NDE0NzUwXHUwMDI2cHJvZHVjdD1wcmVkaWN0aW9ucyJ9AAAEAAAAbWV0YQAAAAACAAAAqAAAAAQAAABy////FAAAAHAAAABwAAAAAAAAA3AAAAACAAAALAAAAAQAAABk////CAAAABAAAAAFAAAAVmFsdWUAAAAEAAAAbmFtZQAAAACI////CAAAABwAAAASAAAAeyJ1bml0IjoibGVuZ3RobSJ9AAAGAAAAY29uZmlnAAAAAAAAiv///wAAAgAFAAAAVmFsdWUAEgAYABQAAAATAAwAAAAIAAQAEgAAABQAAABEAAAATAAAAAAAAApMAAAAAQAAAAwAAAAIAAwACAAEAAgAAAAIAAAAEAAAAAQAAABUaW1lAAAAAAQAAABuYW1lAAAAAAAAAAAAAAYACAAGAAYAAAAAAAMABAAAAFRpbWUAAAAAoAIAAEFSUk9XMQ==
