ðŸŒŸ This was machine generated.  Do not edit. ðŸŒŸ

Frame[0] {}
Name: Alameda
Dimensions: 2 Fields by 241 Rows
+-------------------------------+-----------------+
| Name: Time                    | Name: Value     |
| Labels:                       | Labels:         |
| Type: []time.Time             | Type: []float64 |
+-------------------------------+-----------------+
| 2020-10-01 00:00:00 +0000 UTC | 1.517           |
| 2020-10-01 00:06:00 +0000 UTC | 1.504           |
| 2020-10-01 00:12:00 +0000 UTC | 1.493           |
| 2020-10-01 00:18:00 +0000 UTC | 1.479           |
| 2020-10-01 00:24:00 +0000 UTC | 1.458           |
| 2020-10-01 00:30:00 +0000 UTC | 1.441           |
| 2020-10-01 00:36:00 +0000 UTC | 1.432           |
| 2020-10-01 00:42:00 +0000 UTC | 1.426           |
| 2020-10-01 00:48:00 +0000 UTC | 1.418           |
| ...                           | ...             |
+-------------------------------+-----------------+


====== TEST DATA RESPONSE (arrow base64) ======
FRAME=QVJST1cxAAD/////kAEAABAAAAAAAAoADgAMAAsABAAKAAAAFAAAAAAAAAEDAAoADAAAAAgABAAKAAAACAAAAHgAAAADAAAAUAAAACgAAAAEAAAABP///wgAAAAMAAAAAAAAAAAAAAAFAAAAcmVmSWQAAAAk////CAAAABAAAAAHAAAAQWxhbWVkYQAEAAAAbmFtZQAAAABI////CAAAAAwAAAACAAAAe30AAAQAAABtZXRhAAAAAAIAAAB0AAAABAAAAKb///8UAAAAPAAAADwAAAAAAAADPAAAAAEAAAAEAAAAlP///wgAAAAQAAAABQAAAFZhbHVlAAAABAAAAG5hbWUAAAAAAAAAAIr///8AAAIABQAAAFZhbHVlABIAGAAUAAAAEwAMAAAACAAEABIAAAAUAAAARAAAAEwAAAAAAAAKTAAAAAEAAAAMAAAACAAMAAgABAAIAAAACAAAABAAAAAEAAAAVGltZQAAAAAEAAAAbmFtZQAAAAAAAAAAAAAGAAgABgAGAAAAAAADAAQAAABUaW1lAAAAAAAAAAD/////uAAAABQAAAAAAAAADAAWABQAEwAMAAQADAAAABAPAAAAAAAAFAAAAAAAAAMDAAoAGAAMAAgABAAKAAAAFAAAAFgAAADxAAAAAAAAAAAAAAAEAAAAAAAAAAAAAAAAAAAAAAAAAAAAAAAAAAAAiAcAAAAAAACIBwAAAAAAAAAAAAAAAAAAiAcAAAAAAACIBwAAAAAAAAAAAAACAAAA8QAAAAAAAAAAAAAAAAAAAPEAAAAAAAAAAAAAAAAAAAAAABhAObU5FgAQxBGNtTkWACBw4+C1ORYAMBy1NLY5FgBAyIaItjkWAFB0WNy2ORYAYCAqMLc5FgBwzPuDtzkWAIB4zde3ORYAkCSfK7g5FgCg0HB/uDkWALB8QtO4ORYAwCgUJ7k5FgDQ1OV6uTkWAOCAt865ORYA8CyJIro5FgAA2Vp2ujkWABCFLMq6ORYAIDH+Hbs5FgAw3c9xuzkWAECJocW7ORYAUDVzGbw5FgBg4URtvDkWAHCNFsG8ORYAgDnoFL05FgCQ5blovTkWAKCRi7y9ORYAsD1dEL45FgDA6S5kvjkWANCVALi+ORYA4EHSC785FgDw7aNfvzkWAACadbO/ORYAEEZHB8A5FgAg8hhbwDkWADCe6q7AORYAQEq8AsE5FgBQ9o1WwTkWAGCiX6rBORYAcE4x/sE5FgCA+gJSwjkWAJCm1KXCORYAoFKm+cI5FgCw/ndNwzkWAMCqSaHDORYA0FYb9cM5FgDgAu1IxDkWAPCuvpzEORYAAFuQ8MQ5FgAQB2JExTkWACCzM5jFORYAMF8F7MU5FgBAC9c/xjkWAFC3qJPGORYAYGN658Y5FgBwD0w7xzkWAIC7HY/HORYAkGfv4sc5FgCgE8E2yDkWALC/korIORYAwGtk3sg5FgDQFzYyyTkWAODDB4bJORYA8G/Z2ck5FgAAHKstyjkWABDIfIHKORYAIHRO1co5FgAwICApyzkWAEDM8XzLORYAUHjD0Ms5FgBgJJUkzDkWAHDQZnjMORYAgHw4zMw5FgCQKAogzTkWAKDU23PNORYAsICtx805FgDALH8bzjkWANDYUG/OORYA4IQiw845FgDwMPQWzzkWAADdxWrPORYAEImXvs85FgAgNWkS0DkWADDhOmbQORYAQI0MutA5FgBQOd4N0TkWAGDlr2HRORYAcJGBtdE5FgCAPVMJ0jkWAJDpJF3SORYAoJX2sNI5FgCwQcgE0zkWAMDtmVjTORYA0JlrrNM5FgDgRT0A1DkWAPDxDlTUORYAAJ7gp9Q5FgAQSrL71DkWACD2g0/VORYAMKJVo9U5FgBATif31TkWAFD6+ErWORYAYKbKntY5FgBwUpzy1jkWAID+bUbXORYAkKo/mtc5FgCgVhHu1zkWALAC40HYORYAwK60ldg5FgDQWobp2DkWAOAGWD3ZORYA8LIpkdk5FgAAX/vk2TkWABALzTjaORYAILeejNo5FgAwY3Dg2jkWAEAPQjTbORYAULsTiNs5FgBgZ+Xb2zkWAHATty/cORYAgL+Ig9w5FgCQa1rX3DkWAKAXLCvdORYAsMP9ft05FgDAb8/S3TkWANAboSbeORYA4Mdyet45FgDwc0TO3jkWAAAgFiLfORYAEMzndd85FgAgeLnJ3zkWADAkix3gORYAQNBcceA5FgBQfC7F4DkWAGAoABnhORYAcNTRbOE5FgCAgKPA4TkWAJAsdRTiORYAoNhGaOI5FgCwhBi84jkWAMAw6g/jORYA0Ny7Y+M5FgDgiI234zkWAPA0XwvkORYAAOEwX+Q5FgAQjQKz5DkWACA51AblORYAMOWlWuU5FgBAkXeu5TkWAFA9SQLmORYAYOkaVuY5FgBwleyp5jkWAIBBvv3mORYAkO2PUec5FgCgmWGl5zkWALBFM/nnORYAwPEETeg5FgDQndag6DkWAOBJqPToORYA8PV5SOk5FgAAokuc6TkWABBOHfDpORYAIPruQ+o5FgAwpsCX6jkWAEBSkuvqORYAUP5jP+s5FgBgqjWT6zkWAHBWB+frORYAgALZOuw5FgCQrqqO7DkWAKBafOLsORYAsAZONu05FgDAsh+K7TkWANBe8d3tORYA4ArDMe45FgDwtpSF7jkWAABjZtnuORYAEA84Le85FgAguwmB7zkWADBn29TvORYAQBOtKPA5FgBQv3588DkWAGBrUNDwORYAcBciJPE5FgCAw/N38TkWAJBvxcvxORYAoBuXH/I5FgCwx2hz8jkWAMBzOsfyORYA0B8MG/M5FgDgy91u8zkWAPB3r8LzORYAACSBFvQ5FgAQ0FJq9DkWACB8JL70ORYAMCj2EfU5FgBA1Mdl9TkWAFCAmbn1ORYAYCxrDfY5FgBw2Dxh9jkWAICEDrX2ORYAkDDgCPc5FgCg3LFc9zkWALCIg7D3ORYAwDRVBPg5FgDQ4CZY+DkWAOCM+Kv4ORYA8DjK//g5FgAA5ZtT+TkWABCRbaf5ORYAID0/+/k5FgAw6RBP+jkWAECV4qL6ORYAUEG09vo5FgBg7YVK+zkWAHCZV577ORYAgEUp8vs5FgCQ8fpF/DkWAKCdzJn8ORYAsEme7fw5FgDA9W9B/TkWANChQZX9ORYA4E0T6f05FgDw+eQ8/jkWAACmtpD+ORYAEFKI5P45FgAg/lk4/zkWADCqK4z/ORYAQFb93/85FgBQAs8zADoWAGCuoIcAOhYAcFpy2wA6FgCABkQvAToWAJCyFYMBOhYAoF7n1gE6FgCwCrkqAjoWAMC2in4COhYA0GJc0gI6FgDgDi4mAzoWAPC6/3kDOhYAAGfRzQM6FhKDwMqhRfg/qvHSTWIQ+D8X2c73U+P3P0SLbOf7qfc/hxbZzvdT9z91kxgEVg73P7bz/dR46fY/N4lBYOXQ9j/jpZvEILD2P4/C9Shcj/Y/ukkMAiuH9j9kO99PjZf2P1CNl24Sg/Y/5dAi2/l+9j85tMh2vp/2P/hT46WbxPY/tvP91Hjp9j+gGi/dJAb3P90kBoGVQ/c/bxKDwMqh9z+sHFpkO9/3P1TjpZvEIPg/+n5qvHST+D/hehSuR+H4P3Noke18P/k/bxKDwMqh+T9U46WbxCD6P7gehetRuPo/c2iR7Xw/+z9Ei2zn+6n7Pz81XrpJDPw/EFg5tMh2/D91kxgEVg79P0SLbOf7qf0/EoPAyqFF/j83iUFg5dD+P1yPwvUoXP8/Vg4tsp3v/z9I4XoUrkcAQMUgsHJokQBATDeJQWDlAED+1HjpJjEBQBBYObTIdgFAI9v5fmq8AUAK16NwPQoCQB1aZDvfTwJAJQaBlUOLAkBt5/up8dICQB+F61G4HgNABoGVQ4tsA0DjpZvEILADQLbz/dR46QNAiUFg5dAiBED8qfHSTWIEQG8Sg8DKoQRArBxaZDvfBEC0yHa+nxoFQKjGSzeJQQVAO99PjZduBUAOLbKd76cFQBfZzvdT4wVA30+Nl24SBkBoke18PzUGQCcxCKwcWgZAhetRuB6FBkBvEoPAyqEGQMP1KFyPwgZA4XoUrkfhBkCWQ4ts5/sGQAAAAAAAAAdAH4XrUbgeB0CTGARWDi0HQL6fGi/dJAdAXrpJDAIrB0Coxks3iUEHQH0/NV66SQdAvp8aL90kB0DLoUW28/0GQOxRuB6F6wZArBxaZDvfBkBiEFg5tMgGQDm0yHa+nwZAZmZmZmZmBkBeukkMAisGQCuHFtnO9wVA+FPjpZvEBUCPwvUoXI8FQEjhehSuRwVANV66SQwCBUCNl24Sg8AEQEa28/3UeARAVOOlm8QgBEAtsp3vp8YDQEa28/3UeANAkxgEVg4tA0BMN4lBYOUCQPCnxks3iQJA6SYxCKwcAkBOYhBYObQBQGZmZmZmZgFAVOOlm8QgAUAtsp3vp8YAQPyp8dJNYgBA1XjpJjEIAEAbL90kBoH/P3e+nxov3f4/vp8aL90k/j8GgZVDi2z9P83MzMzMzPw/6SYxCKwc/D+amZmZmZn7Px+F61G4Hvs/JQaBlUOL+j/sUbgehev5P9v5fmq8dPk/NV66SQwC+T+kcD0K16P4P+f7qfHSTfg/16NwPQrX9z8dWmQ730/3PzeJQWDl0PY/5dAi2/l+9j/+1HjpJjH2P4GVQ4ts5/U/GQRWDi2y9T+wcmiR7Xz1P/T91HjpJvU/y6FFtvP99D93vp8aL930P6RwPQrXo/Q/O99PjZdu9D+R7Xw/NV70P9Ei2/l+avQ/ke18PzVe9D/8qfHSTWL0P9Ei2/l+avQ/ukkMAiuH9D956SYxCKz0P83MzMzMzPQ/IbByaJHt9D81XrpJDAL1P/T91HjpJvU/c2iR7Xw/9T+F61G4HoX1P4GVQ4ts5/U/UrgehetR9j/jpZvEILD2P3WTGARWDvc/x0s3iUFg9z8CK4cW2c73P5HtfD81Xvg/y6FFtvP9+D+uR+F6FK75Pz0K16NwPfo/YhBYObTI+j9I4XoUrkf7P6wcWmQ73/s/5dAi2/l+/D9KDAIrhxb9P28Sg8DKof0/001iEFg5/j93vp8aL93+P5qZmZmZmf8/6SYxCKwcAED8qfHSTWIAQA4tsp3vpwBAtvP91HjpAEAIrBxaZDsBQGQ730+NlwFAi2zn+6nxAUDTTWIQWDkCQEa28/3UeAJA+FPjpZvEAkCq8dJNYhADQPyp8dJNYgNAObTIdr6fA0DXo3A9CtcDQH9qvHSTGARAXI/C9ShcBEDZzvdT46UEQLbz/dR46QRA30+Nl24SBUAIrBxaZDsFQNEi2/l+agVADi2yne+nBUC28/3UeOkFQLTIdr6fGgZA001iEFg5BkAxCKwcWmQGQFpkO99PjQZA46WbxCCwBkBCYOXQItsGQGDl0CLb+QZAPzVeukkMB0C+nxov3SQHQD0K16NwPQdAsp3vp8ZLB0ASg8DKoUUHQJ7vp8ZLNwdAkxgEVg4tB0Ce76fGSzcHQBKDwMqhRQdAkxgEVg4tB0A1XrpJDAIHQOF6FK5H4QZA+FPjpZvEBkAEVg4tsp0GQEa28/3UeAZAUrgehetRBkD0/dR46SYGQIGVQ4ts5wVADi2yne+nBUA730+Nl24FQJMYBFYOLQVATDeJQWDlBEDZzvdT46UEQIcW2c73UwRAK4cW2c73A0DP91PjpZsDQBKDwMqhRQNAtvP91HjpAkCamZmZmZkCQEjhehSuRwJAVg4tsp3vAUAv3SQGgZUBQJ7vp8ZLNwFA16NwPQrXAEB7FK5H4XoAQP7UeOkmMQBALbKd76fG/z9KDAIrhxb/P2ZmZmZmZv4/WDm0yHa+/T8fhetRuB79P1CNl24Sg/w/K4cW2c73+z/b+X5qvHT7P2Dl0CLb+fo/exSuR+F6+j/ByqFFtvP5Pxsv3SQGgfk/EAAAAAwAFAASAAwACAAEAAwAAAAQAAAALAAAADgAAAAAAAMAAQAAAKABAAAAAAAAwAAAAAAAAAAQDwAAAAAAAAAAAAAAAAAAAAAKAAwAAAAIAAQACgAAAAgAAAB4AAAAAwAAAFAAAAAoAAAABAAAAAT///8IAAAADAAAAAAAAAAAAAAABQAAAHJlZklkAAAAJP///wgAAAAQAAAABwAAAEFsYW1lZGEABAAAAG5hbWUAAAAASP///wgAAAAMAAAAAgAAAHt9AAAEAAAAbWV0YQAAAAACAAAAdAAAAAQAAACm////FAAAADwAAAA8AAAAAAAAAzwAAAABAAAABAAAAJT///8IAAAAEAAAAAUAAABWYWx1ZQAAAAQAAABuYW1lAAAAAAAAAACK////AAACAAUAAABWYWx1ZQASABgAFAAAABMADAAAAAgABAASAAAAFAAAAEQAAABMAAAAAAAACkwAAAABAAAADAAAAAgADAAIAAQACAAAAAgAAAAQAAAABAAAAFRpbWUAAAAABAAAAG5hbWUAAAAAAAAAAAAABgAIAAYABgAAAAAAAwAEAAAAVGltZQAAAAC4AQAAQVJST1cx
