ðŸŒŸ This was machine generated.  Do not edit. ðŸŒŸ

Frame[0] {
    "executedQueryString": "time_zone=gmt\u0026application=Grafana\u0026format=json\u0026datum=STND\u0026units=metric\u0026begin_date=20201001+00%3A00\u0026end_date=20201002+00%3A01\u0026station=9414750\u0026product=wind"
}
Name: wind
Dimensions: 5 Fields by 241 Rows
+-------------------------------+-----------------+-----------------+-----------------+-----------------+
| Name: Time                    | Name: Speed     | Name: Direction | Name: Direction | Name: Gusts     |
| Labels:                       | Labels:         | Labels:         | Labels:         | Labels:         |
| Type: []time.Time             | Type: []float64 | Type: []float64 | Type: []string  | Type: []float64 |
+-------------------------------+-----------------+-----------------+-----------------+-----------------+
| 2020-10-01 00:00:00 +0000 UTC | 1.8             | 250             | WSW             | 2.2             |
| 2020-10-01 00:06:00 +0000 UTC | 1.3             | 271             | W               | 1.9             |
| 2020-10-01 00:12:00 +0000 UTC | 1               | 265             | W               | 1.6             |
| 2020-10-01 00:18:00 +0000 UTC | 1.8             | 281             | W               | 2.3             |
| 2020-10-01 00:24:00 +0000 UTC | 1.2             | 307             | NW              | 2               |
| 2020-10-01 00:30:00 +0000 UTC | 1.2             | 326             | NW              | 1.6             |
| 2020-10-01 00:36:00 +0000 UTC | 1.6             | 323             | NW              | 2.2             |
| 2020-10-01 00:42:00 +0000 UTC | 1.2             | 310             | NW              | 1.6             |
| 2020-10-01 00:48:00 +0000 UTC | 1.5             | 332             | NNW             | 2.2             |
| ...                           | ...             | ...             | ...             | ...             |
+-------------------------------+-----------------+-----------------+-----------------+-----------------+


====== TEST DATA RESPONSE (arrow base64) ======
FRAME=QVJST1cxAAD/////KAQAABAAAAAAAAoADgAMAAsABAAKAAAAFAAAAAAAAAEDAAoADAAAAAgABAAKAAAACAAAAFABAAADAAAAUAAAACgAAAAEAAAAaPz//wgAAAAMAAAAAAAAAAAAAAAFAAAAcmVmSWQAAACI/P//CAAAABAAAAAEAAAAd2luZAAAAAAEAAAAbmFtZQAAAACs/P//CAAAAOQAAADaAAAAeyJleGVjdXRlZFF1ZXJ5U3RyaW5nIjoidGltZV96b25lPWdtdFx1MDAyNmFwcGxpY2F0aW9uPUdyYWZhbmFcdTAwMjZmb3JtYXQ9anNvblx1MDAyNmRhdHVtPVNUTkRcdTAwMjZ1bml0cz1tZXRyaWNcdTAwMjZiZWdpbl9kYXRlPTIwMjAxMDAxKzAwJTNBMDBcdTAwMjZlbmRfZGF0ZT0yMDIwMTAwMiswMCUzQTAxXHUwMDI2c3RhdGlvbj05NDE0NzUwXHUwMDI2cHJvZHVjdD13aW5kIn0AAAQAAABtZXRhAAAAAAUAAAA4AgAAmAEAAPwAAACUAAAABAAAAO79//8UAAAAbAAAAGwAAAAAAAADbAAAAAIAAAAsAAAABAAAAOD9//8IAAAAEAAAAAUAAABHdXN0cwAAAAQAAABuYW1lAAAAAAT+//8IAAAAGAAAAA8AAAB7InVuaXQiOiJrbnRzIn0ABgAAAGNvbmZpZwAAAAAAAAL+//8AAAIABQAAAEd1c3RzAAAAev7//xQAAABAAAAARAAAAAAAAAVAAAAAAQAAAAQAAABo/v//CAAAABQAAAAJAAAARGlyZWN0aW9uAAAABAAAAG5hbWUAAAAAAAAAAAQABAAEAAAACQAAAERpcmVjdGlvbgAAAN7+//8UAAAAdAAAAHQAAAAAAAADdAAAAAIAAAAwAAAABAAAAND+//8IAAAAFAAAAAkAAABEaXJlY3Rpb24AAAAEAAAAbmFtZQAAAAD4/v//CAAAABwAAAARAAAAeyJ1bml0IjoiZGVncmVlIn0AAAAGAAAAY29uZmlnAAAAAAAA+v7//wAAAgAJAAAARGlyZWN0aW9uAAAAdv///xQAAABsAAAAbAAAAAAAAANsAAAAAgAAACwAAAAEAAAAaP///wgAAAAQAAAABQAAAFNwZWVkAAAABAAAAG5hbWUAAAAAjP///wgAAAAYAAAADwAAAHsidW5pdCI6ImtudHMifQAGAAAAY29uZmlnAAAAAAAAiv///wAAAgAFAAAAU3BlZWQAEgAYABQAAAATAAwAAAAIAAQAEgAAABQAAABEAAAATAAAAAAAAApMAAAAAQAAAAwAAAAIAAwACAAEAAgAAAAIAAAAEAAAAAQAAABUaW1lAAAAAAQAAABuYW1lAAAAAAAAAAAAAAYACAAGAAYAAAAAAAMABAAAAFRpbWUAAAAA/////1gBAAAUAAAAAAAAAAwAFgAUABMADAAEAAwAAADgIwAAAAAAABQAAAAAAAADAwAKABgADAAIAAQACgAAABQAAADIAAAA8QAAAAAAAAAAAAAACwAAAAAAAAAAAAAAAAAAAAAAAAAAAAAAAAAAAIgHAAAAAAAAiAcAAAAAAAAAAAAAAAAAAIgHAAAAAAAAiAcAAAAAAAAQDwAAAAAAAAAAAAAAAAAAEA8AAAAAAACIBwAAAAAAAJgWAAAAAAAAAAAAAAAAAACYFgAAAAAAAMgDAAAAAAAAYBoAAAAAAAD4AQAAAAAAAFgcAAAAAAAAAAAAAAAAAABYHAAAAAAAAIgHAAAAAAAAAAAAAAUAAADxAAAAAAAAAAAAAAAAAAAA8QAAAAAAAAAAAAAAAAAAAPEAAAAAAAAAAAAAAAAAAADxAAAAAAAAAAAAAAAAAAAA8QAAAAAAAAAAAAAAAAAAAAAAGEA5tTkWABDEEY21ORYAIHDj4LU5FgAwHLU0tjkWAEDIhoi2ORYAUHRY3LY5FgBgICowtzkWAHDM+4O3ORYAgHjN17c5FgCQJJ8ruDkWAKDQcH+4ORYAsHxC07g5FgDAKBQnuTkWANDU5Xq5ORYA4IC3zrk5FgDwLIkiujkWAADZWna6ORYAEIUsyro5FgAgMf4duzkWADDdz3G7ORYAQImhxbs5FgBQNXMZvDkWAGDhRG28ORYAcI0Wwbw5FgCAOegUvTkWAJDluWi9ORYAoJGLvL05FgCwPV0QvjkWAMDpLmS+ORYA0JUAuL45FgDgQdILvzkWAPDto1+/ORYAAJp1s785FgAQRkcHwDkWACDyGFvAORYAMJ7qrsA5FgBASrwCwTkWAFD2jVbBORYAYKJfqsE5FgBwTjH+wTkWAID6AlLCORYAkKbUpcI5FgCgUqb5wjkWALD+d03DORYAwKpJocM5FgDQVhv1wzkWAOAC7UjEORYA8K6+nMQ5FgAAW5DwxDkWABAHYkTFORYAILMzmMU5FgAwXwXsxTkWAEAL1z/GORYAULeok8Y5FgBgY3rnxjkWAHAPTDvHORYAgLsdj8c5FgCQZ+/ixzkWAKATwTbIORYAsL+Sisg5FgDAa2TeyDkWANAXNjLJORYA4MMHhsk5FgDwb9nZyTkWAAAcqy3KORYAEMh8gco5FgAgdE7VyjkWADAgICnLORYAQMzxfMs5FgBQeMPQyzkWAGAklSTMORYAcNBmeMw5FgCAfDjMzDkWAJAoCiDNORYAoNTbc805FgCwgK3HzTkWAMAsfxvOORYA0NhQb845FgDghCLDzjkWAPAw9BbPORYAAN3Fas85FgAQiZe+zzkWACA1aRLQORYAMOE6ZtA5FgBAjQy60DkWAFA53g3RORYAYOWvYdE5FgBwkYG10TkWAIA9UwnSORYAkOkkXdI5FgCglfaw0jkWALBByATTORYAwO2ZWNM5FgDQmWus0zkWAOBFPQDUORYA8PEOVNQ5FgAAnuCn1DkWABBKsvvUORYAIPaDT9U5FgAwolWj1TkWAEBOJ/fVORYAUPr4StY5FgBgpsqe1jkWAHBSnPLWORYAgP5tRtc5FgCQqj+a1zkWAKBWEe7XORYAsALjQdg5FgDArrSV2DkWANBahunYORYA4AZYPdk5FgDwsimR2TkWAABf++TZORYAEAvNONo5FgAgt56M2jkWADBjcODaORYAQA9CNNs5FgBQuxOI2zkWAGBn5dvbORYAcBO3L9w5FgCAv4iD3DkWAJBrWtfcORYAoBcsK905FgCww/1+3TkWAMBvz9LdORYA0BuhJt45FgDgx3J63jkWAPBzRM7eORYAACAWIt85FgAQzOd13zkWACB4ucnfORYAMCSLHeA5FgBA0Fxx4DkWAFB8LsXgORYAYCgAGeE5FgBw1NFs4TkWAICAo8DhORYAkCx1FOI5FgCg2EZo4jkWALCEGLziORYAwDDqD+M5FgDQ3Ltj4zkWAOCIjbfjORYA8DRfC+Q5FgAA4TBf5DkWABCNArPkORYAIDnUBuU5FgAw5aVa5TkWAECRd67lORYAUD1JAuY5FgBg6RpW5jkWAHCV7KnmORYAgEG+/eY5FgCQ7Y9R5zkWAKCZYaXnORYAsEUz+ec5FgDA8QRN6DkWANCd1qDoORYA4Emo9Og5FgDw9XlI6TkWAACiS5zpORYAEE4d8Ok5FgAg+u5D6jkWADCmwJfqORYAQFKS6+o5FgBQ/mM/6zkWAGCqNZPrORYAcFYH5+s5FgCAAtk67DkWAJCuqo7sORYAoFp84uw5FgCwBk427TkWAMCyH4rtORYA0F7x3e05FgDgCsMx7jkWAPC2lIXuORYAAGNm2e45FgAQDzgt7zkWACC7CYHvORYAMGfb1O85FgBAE60o8DkWAFC/fnzwORYAYGtQ0PA5FgBwFyIk8TkWAIDD83fxORYAkG/Fy/E5FgCgG5cf8jkWALDHaHPyORYAwHM6x/I5FgDQHwwb8zkWAODL3W7zORYA8HevwvM5FgAAJIEW9DkWABDQUmr0ORYAIHwkvvQ5FgAwKPYR9TkWAEDUx2X1ORYAUICZufU5FgBgLGsN9jkWAHDYPGH2ORYAgIQOtfY5FgCQMOAI9zkWAKDcsVz3ORYAsIiDsPc5FgDANFUE+DkWANDgJlj4ORYA4Iz4q/g5FgDwOMr/+DkWAADlm1P5ORYAEJFtp/k5FgAgPT/7+TkWADDpEE/6ORYAQJXiovo5FgBQQbT2+jkWAGDthUr7ORYAcJlXnvs5FgCARSny+zkWAJDx+kX8ORYAoJ3Mmfw5FgCwSZ7t/DkWAMD1b0H9ORYA0KFBlf05FgDgTRPp/TkWAPD55Dz+ORYAAKa2kP45FgAQUojk/jkWACD+WTj/ORYAMKorjP85FgBAVv3f/zkWAFACzzMAOhYAYK6ghwA6FgBwWnLbADoWAIAGRC8BOhYAkLIVgwE6FgCgXufWAToWALAKuSoCOhYAwLaKfgI6FgDQYlzSAjoWAOAOLiYDOhYA8Lr/eQM6FgAAZ9HNAzoWzczMzMzM/D/NzMzMzMz0PwAAAAAAAPA/zczMzMzM/D8zMzMzMzPzPzMzMzMzM/M/mpmZmZmZ+T8zMzMzMzPzPwAAAAAAAPg/MzMzMzMz+z+amZmZmZn5P2ZmZmZmZgJAzczMzMzMAEDNzMzMzMwAQDMzMzMzM/s/AAAAAAAA8D9mZmZmZmbmP5qZmZmZmek/zczMzMzM9D8zMzMzMzPzP5qZmZmZmek/MzMzMzMz8z9mZmZmZmb2P5qZmZmZmfE/mpmZmZmZyT+amZmZmZnJP5qZmZmZmck/mpmZmZmZ2T8zMzMzMzPTPzMzMzMzM9M/AAAAAAAA4D9mZmZmZmbmPwAAAAAAAOA/mpmZmZmZyT8AAAAAAADwPzMzMzMzM/M/AAAAAAAAAAAzMzMzMzPzPzMzMzMzM/M/mpmZmZmZ6T8AAAAAAADwPwAAAAAAAAAAAAAAAAAA4D8AAAAAAAAAADMzMzMzM/M/mpmZmZmZ6T8AAAAAAADwP5qZmZmZmek/ZmZmZmZm5j+amZmZmZnpPzMzMzMzM+M/MzMzMzMz0z8zMzMzMzPjP83MzMzMzOw/AAAAAAAA8D+amZmZmZnpPzMzMzMzM9M/AAAAAAAA4D8zMzMzMzPjP5qZmZmZmck/AAAAAAAAAACamZmZmZnpP5qZmZmZmbk/MzMzMzMz0z8AAAAAAAAAAJqZmZmZmdk/mpmZmZmZyT+amZmZmZnZP5qZmZmZmdk/AAAAAAAAAAAAAAAAAAAAAGZmZmZmZuY/AAAAAAAA4D+amZmZmZnpP5qZmZmZmek/AAAAAAAAAACamZmZmZm5PwAAAAAAAAAAmpmZmZmZ2T8AAAAAAAAAAJqZmZmZmck/mpmZmZmZyT+amZmZmZnJP83MzMzMzPQ/mpmZmZmZ2T8zMzMzMzPjPwAAAAAAAPA/AAAAAAAAAACamZmZmZm5PzMzMzMzM9M/MzMzMzMz0z+amZmZmZm5PwAAAAAAAAAAAAAAAAAAAAAAAAAAAAAAAJqZmZmZmck/MzMzMzMz0z8AAAAAAADgP5qZmZmZmck/AAAAAAAA4D+amZmZmZnZP2ZmZmZmZuY/AAAAAAAA4D9mZmZmZmbmP5qZmZmZmek/mpmZmZmZ8T+amZmZmZnpP5qZmZmZmfE/zczMzMzM7D/NzMzMzMzsP83MzMzMzPQ/mpmZmZmZ8T9mZmZmZmb2P2ZmZmZmZvY/MzMzMzMz8z/NzMzMzMz0P83MzMzMzPQ/ZmZmZmZm9j/NzMzMzMz0PzMzMzMzM/M/AAAAAAAA8D8zMzMzMzPTP83MzMzMzOw/mpmZmZmZ6T+amZmZmZnZPwAAAAAAAAAAZmZmZmZm5j/NzMzMzMzsPzMzMzMzM+M/MzMzMzMz4z/NzMzMzMzsPzMzMzMzM+M/AAAAAAAA4D+amZmZmZnxP5qZmZmZmfE/mpmZmZmZ8T+amZmZmZnxP5qZmZmZmfE/zczMzMzM7D8AAAAAAADwPwAAAAAAAPA/zczMzMzM7D8AAAAAAADwPzMzMzMzM/M/MzMzMzMz8z8AAAAAAADwPwAAAAAAAPA/AAAAAAAAAACamZmZmZnxPzMzMzMzM/M/MzMzMzMz8z8zMzMzMzPzP2ZmZmZmZvY/MzMzMzMz8z+amZmZmZnxPzMzMzMzM/M/mpmZmZmZ8T/NzMzMzMz0P5qZmZmZmfE/AAAAAAAA8D+amZmZmZnxP5qZmZmZmfE/mpmZmZmZ8T8AAAAAAADwP5qZmZmZmbk/mpmZmZmZuT8AAAAAAAAAAJqZmZmZmek/ZmZmZmZm5j8AAAAAAADgP5qZmZmZmek/zczMzMzM7D8AAAAAAADwP5qZmZmZmek/zczMzMzM7D8zMzMzMzPzPwAAAAAAAPA/zczMzMzM7D8AAAAAAADwP2ZmZmZmZuY/AAAAAAAA8D/NzMzMzMzsP2ZmZmZmZvY/AAAAAAAAAACamZmZmZn5P2ZmZmZmZvY/zczMzMzM9D9mZmZmZmbmP2ZmZmZmZuY/MzMzMzMz4z/NzMzMzMzsPwAAAAAAAPA/mpmZmZmZ6T/NzMzMzMzsPwAAAAAAAPA/mpmZmZmZ8T+amZmZmZnxPwAAAAAAAPA/mpmZmZmZ6T/NzMzMzMzsPwAAAAAAAOA/mpmZmZmZ2T+amZmZmZm5PwAAAAAAAAAAMzMzMzMz4z+amZmZmZnZP5qZmZmZmdk/mpmZmZmZ2T8AAAAAAADgP5qZmZmZmdk/mpmZmZmZ2T+amZmZmZnpPzMzMzMzM+M/mpmZmZmZuT8AAAAAAAAAAJqZmZmZmdk/mpmZmZmZuT/NzMzMzMzsP5qZmZmZmQFAMzMzMzMz+z9mZmZmZmbmPzMzMzMzM/M/AAAAAAAAAACamZmZmZkBQM3MzMzMzABAMzMzMzMz8z8AAAAAAAD4P83MzMzMzOw/AAAAAAAA+D9mZmZmZmYCQAAAAAAAAPg/mpmZmZmZ+T+amZmZmZn5P83MzMzMzPQ/ZmZmZmZm9j9mZmZmZmb2PzMzMzMzM/M/MzMzMzMz8z8AAAAAAAD4P83MzMzMzOw/ZmZmZmZm9j8AAAAAAEBvQAAAAAAA8HBAAAAAAACQcEAAAAAAAJBxQAAAAAAAMHNAAAAAAABgdEAAAAAAADB0QAAAAAAAYHNAAAAAAADAdEAAAAAAAEB1QAAAAAAAMHVAAAAAAADgc0AAAAAAAOByQAAAAAAAYHRAAAAAAABAdEAAAAAAAHBzQAAAAAAAQHVAAAAAAACQdEAAAAAAAPB0QAAAAAAAABxAAAAAAAAAJEAAAAAAAAAAQAAAAAAAADFAAAAAAAAgdkAAAAAAABB2QAAAAAAAoG1AAAAAAAAAW0AAAAAAAMBhQAAAAAAAADBAAAAAAAAARUAAAAAAAABcQAAAAAAAQF5AAAAAAACAX0AAAAAAAABUQAAAAAAAAABAAAAAAACgdUAAAAAAAAAAAAAAAAAAUHVAAAAAAAAACEAAAAAAAAAiQAAAAAAAcHZAAAAAAACASEAAAAAAAAAzQAAAAAAAAAAAAAAAAAAAcEAAAAAAAKBvQAAAAAAAwG9AAAAAAAAgcEAAAAAAAMBwQAAAAAAAEHFAAAAAAADQcEAAAAAAAFBxQAAAAAAAwHBAAAAAAACwcEAAAAAAAAByQAAAAAAAIHJAAAAAAAAAc0AAAAAAAFB2QAAAAAAAAHVAAAAAAADQcEAAAAAAAAAAAAAAAAAAAD5AAAAAAAAAWUAAAAAAAAA9QAAAAAAAADhAAAAAAAAgb0AAAAAAAFBwQAAAAAAAwHFAAAAAAABQcUAAAAAAABB0QAAAAAAAABBAAAAAAACgbUAAAAAAAOBwQAAAAAAAAG9AAAAAAABAb0AAAAAAADBxQAAAAAAAIHJAAAAAAAAwdEAAAAAAAAA5QAAAAAAAADlAAAAAAAAAOUAAAAAAANBwQAAAAAAAkHFAAAAAAACAb0AAAAAAADBxQAAAAAAAUHFAAAAAAAAwckAAAAAAAMBzQAAAAAAAwHFAAAAAAAAgckAAAAAAAOByQAAAAAAAYHJAAAAAAABQcUAAAAAAAKBxQAAAAAAA0HJAAAAAAAAgdkAAAAAAACB2QAAAAAAAEHZAAAAAAAAgc0AAAAAAADB0QAAAAAAAIHRAAAAAAABQckAAAAAAAGByQAAAAAAAAHRAAAAAAAAAdUAAAAAAAFB1QAAAAAAAUHVAAAAAAAAgdkAAAAAAAAAYQAAAAAAAgEBAAAAAAAAANkAAAAAAAAAyQAAAAAAAADJAAAAAAAAAHEAAAAAAADB2QAAAAAAAEHZAAAAAAAAAdkAAAAAAAAAyQAAAAAAA8HVAAAAAAAAAFEAAAAAAAADwPwAAAAAAAD9AAAAAAAAANkAAAAAAADB1QAAAAAAAADNAAAAAAAAANkAAAAAAAAAcQAAAAAAAkHVAAAAAAACAcUAAAAAAAJBzQAAAAAAA0HRAAAAAAAAgdUAAAAAAAIB1QAAAAAAAEHZAAAAAAADwdUAAAAAAABB2QAAAAAAA0HVAAAAAAAAwdkAAAAAAAAAQQAAAAAAAAABAAAAAAAAAKkAAAAAAAAAAQAAAAAAAACpAAAAAAAAAFEAAAAAAAGB2QAAAAAAAABxAAAAAAAAAM0AAAAAAAAAAAAAAAAAAACJAAAAAAAAAFEAAAAAAABB2QAAAAAAAQHZAAAAAAABwdkAAAAAAAAAiQAAAAAAAMHZAAAAAAACwdUAAAAAAANB1QAAAAAAAADRAAAAAAAAAJkAAAAAAAAAqQAAAAAAAQHZAAAAAAACQdUAAAAAAAFB1QAAAAAAAsHVAAAAAAAAAc0AAAAAAAKBnQAAAAAAAIG1AAAAAAABgdEAAAAAAAKB0QAAAAAAA4HNAAAAAAADgckAAAAAAAOBxQAAAAAAAYHJAAAAAAAAAc0AAAAAAAFB0QAAAAAAAIHVAAAAAAADAc0AAAAAAAFB0QAAAAAAAUHRAAAAAAABQc0AAAAAAAFBwQAAAAAAAAHBAAAAAAAAQcEAAAAAAAAAAAAAAAAAAAG9AAAAAAADAbkAAAAAAACBvQAAAAAAAQHBAAAAAAABgbkAAAAAAAIBtQAAAAAAAoGxAAAAAAADAbUAAAAAAAIBsQAAAAAAAwGxAAAAAAABgbEAAAAAAAGBrQAAAAAAAoG1AAAAAAADAbUAAAAAAAGBsQAAAAAAA4G5AAAAAAADgb0AAAAAAAMBvQAAAAAAAwG9AAAAAAADAb0AAAAAAAMBvQAAAAAAAwG9AAAAAAADAb0AAAAAAAMBvQAAAAAAAoG9AAAAAAACgb0AAAAAAAEBtQAAAAAAAAG5AAAAAAACAbUAAAAAAAIBtQAAAAAAAIGRAAAAAAADAYEAAAAAAAOBgQAAAAAAAQGtAAAAAAAAgcUAAAAAAAEBxQAAAAAAAkHBAAAAAAAAQcUAAAAAAAAAAAAAAAAAAgHFAAAAAAAAwckAAAAAAAJByQAAAAAAA8HRAAAAAAABAdEAAAAAAAKB1QAAAAAAAIHZAAAAAAADgdUAAAAAAAGB1QAAAAAAAsHRAAAAAAABQc0AAAAAAAOByQAAAAAAA0HNAAAAAAADwckAAAAAAAEBzQAAAAAAAAHRAAAAAAAAAdEAAAAAAAIBzQAAAAAADAAAABAAAAAUAAAAGAAAACAAAAAoAAAAMAAAADgAAABEAAAAUAAAAFwAAABkAAAAcAAAAHgAAACAAAAAiAAAAJQAAACgAAAArAAAALAAAAC0AAAAuAAAAMQAAADIAAAAzAAAANgAAADkAAAA7AAAAPgAAAEAAAABDAAAARgAAAEgAAABJAAAASgAAAE0AAABNAAAAUAAAAFEAAABSAAAAUwAAAFUAAABYAAAAWAAAAFsAAABeAAAAYQAAAGQAAABlAAAAZgAAAGcAAABoAAAAaQAAAGoAAABtAAAAcAAAAHIAAABzAAAAdgAAAHcAAAB3AAAAegAAAHsAAAB+AAAAgQAAAIQAAACFAAAAiAAAAIkAAACLAAAAjAAAAI8AAACQAAAAkwAAAJYAAACXAAAAmgAAAJwAAACfAAAAogAAAKUAAACmAAAApwAAAKoAAACrAAAArAAAAK8AAACxAAAAtAAAALcAAAC6AAAAvQAAAL4AAADBAAAAxAAAAMUAAADGAAAAxwAAAMkAAADLAAAAzQAAANAAAADTAAAA1QAAANgAAADbAAAA3gAAAN8AAADgAAAA4wAAAOYAAADpAAAA7AAAAO0AAADuAAAA7wAAAPAAAADzAAAA9AAAAPUAAAD2AAAA+QAAAPwAAAD/AAAAAgEAAAUBAAAGAQAACQEAAAoBAAAMAQAADwEAABIBAAAVAQAAFgEAABcBAAAYAQAAGQEAABoBAAAbAQAAHAEAAB8BAAAgAQAAIwEAACQBAAAlAQAAJgEAACkBAAApAQAAKgEAACsBAAAsAQAALQEAAC4BAAAvAQAAMAEAADMBAAA0AQAANwEAADgBAAA7AQAAPAEAAD8BAABCAQAARQEAAEcBAABIAQAASgEAAEwBAABPAQAAUQEAAFQBAABXAQAAWgEAAFwBAABeAQAAYQEAAGMBAABlAQAAZwEAAGkBAABqAQAAbQEAAHABAABwAQAAcwEAAHYBAAB5AQAAegEAAH0BAAB/AQAAgQEAAIQBAACGAQAAiAEAAIoBAACMAQAAjwEAAJIBAACUAQAAlwEAAJoBAACdAQAAoAEAAKMBAACmAQAAqQEAAKwBAACvAQAAsgEAALUBAAC3AQAAugEAALwBAAC+AQAAwQEAAMMBAADFAQAAxwEAAMgBAADJAQAAygEAAMsBAADLAQAAzAEAAM8BAADSAQAA1QEAANcBAADaAQAA2wEAANwBAADfAQAA4gEAAOQBAADnAQAA6QEAAOwBAADuAQAA8AEAAPIBAAD0AQAAV1NXV1dXTldOV05XTldOTldOTldOTldOV1dOV05XTldOV05OV05OV05OV05OTk5ORU5OV1NXRVNFU0VOTkVORUVTRUVTRVNFRU5OTldOTldOTk5ORU5ORVdTV1dTV1dTV1dTV1dXV1dXV1dOV1dOV05XTk5OV1dOTkVFTk5FTk5FV1NXV1dOV1dOV05XU1dXV1NXV1NXV1dOV05XTk5FTk5FTk5FV1dXU1dXV1dOV05XV05XV05XV05XV05XV1dOV1dOV05OTk5XTldOV1dOV1dOV05XTk5XTk5XTk5XTk5OTkVOTkVOTkVOTkVOTk5OTk5FTk5OTk5FTk5FTk5XTk5FTk5FTk5OV1dOV05OV05OV05OV05OTk5OTk5OTkVOTk5FTk5OTk5FTk5OTk5OTk5OV05OTkVOTk5FTk5OV05OV05OV05XU1NXTldOTldOV1dOV1dOV1dOV05XTldOTldOV05XTldOV1dXU1dXU1dXU1dXU1dXU1dXV1NXU1dTV1dTV1NXU1dTV1NXV1NXV1NXU1dXU1dXU1dXU1dXU1dXU1dXU1dXU1dXU1dXU1dXU1dXU1dTV1dTV1NXU1dTU0VTRVNFU1dXV1dXV1dOV1dOV05OV05XTk5XTk5OTldOTldOV1dOV05XV05XTldOV05XTlcAAAAAmpmZmZmZAUBmZmZmZmb+P5qZmZmZmfk/ZmZmZmZmAkAAAAAAAAAAQJqZmZmZmfk/mpmZmZmZAUCamZmZmZn5P5qZmZmZmQFAzczMzMzMBEAAAAAAAAAIQDMzMzMzMwdAzczMzMzMDECamZmZmZkJQDMzMzMzMwdAZmZmZmZm/j8zMzMzMzPzP83MzMzMzPQ/zczMzMzMBEAAAAAAAAAAQM3MzMzMzPw/zczMzMzM/D/NzMzMzMz8PwAAAAAAAPg/mpmZmZmZ6T/NzMzMzMzsP2ZmZmZmZuY/ZmZmZmZm5j9mZmZmZmbmPwAAAAAAAPA/AAAAAAAA8D+amZmZmZnxPwAAAAAAAABAMzMzMzMz8z8AAAAAAAD4PwAAAAAAAPg/AAAAAAAAAABmZmZmZmb+P5qZmZmZmQFAmpmZmZmZ+T/NzMzMzMz0P5qZmZmZmfE/zczMzMzM7D8AAAAAAAAAAAAAAAAAAPg/mpmZmZmZ+T/NzMzMzMz0P2ZmZmZmZvY/MzMzMzMz+z+amZmZmZnxPzMzMzMzM/s/zczMzMzM9D/NzMzMzMzsPwAAAAAAAPg/zczMzMzM9D8zMzMzMzPzP5qZmZmZmfE/ZmZmZmZm5j+amZmZmZnpPzMzMzMzM+M/AAAAAAAAAAAzMzMzMzPzP2ZmZmZmZvY/MzMzMzMz4z+amZmZmZnJP2ZmZmZmZuY/MzMzMzMz4z9mZmZmZmbmP5qZmZmZmek/MzMzMzMz4z8AAAAAAAAAAJqZmZmZmek/AAAAAAAA8D/NzMzMzMzsP83MzMzMzOw/zczMzMzM7D8zMzMzMzPTPwAAAAAAAAAAAAAAAAAA4D+amZmZmZnZP5qZmZmZmdk/ZmZmZmZm5j+amZmZmZnpP2ZmZmZmZvY/zczMzMzM9D/NzMzMzMzsP5qZmZmZmfE/zczMzMzM7D8zMzMzMzPjP5qZmZmZmdk/mpmZmZmZ2T+amZmZmZnZPwAAAAAAAOA/AAAAAAAAAAAAAAAAAAAAAGZmZmZmZuY/mpmZmZmZ2T8zMzMzMzPjPzMzMzMzM+M/ZmZmZmZm5j+amZmZmZnpP5qZmZmZmek/zczMzMzM7D+amZmZmZnpPwAAAAAAAPA/zczMzMzM9D+amZmZmZnxP83MzMzMzPQ/zczMzMzM9D+amZmZmZn5P83MzMzMzPw/ZmZmZmZm/j8AAAAAAAAAQDMzMzMzM/s/mpmZmZmZ+T8zMzMzMzP7PwAAAAAAAPg/AAAAAAAA+D9mZmZmZmb2P2ZmZmZmZvY/mpmZmZmZ8T/NzMzMzMzsP5qZmZmZmfE/AAAAAAAA8D9mZmZmZmbmPzMzMzMzM9M/zczMzMzM7D+amZmZmZnxP83MzMzMzOw/zczMzMzM7D8AAAAAAADwPwAAAAAAAPA/ZmZmZmZm5j/NzMzMzMz0P83MzMzMzPQ/zczMzMzM9D8zMzMzMzPzPzMzMzMzM/M/MzMzMzMz8z+amZmZmZnxP2ZmZmZmZvY/zczMzMzM9D/NzMzMzMz0PwAAAAAAAPg/AAAAAAAA+D8AAAAAAAD4PwAAAAAAAPg/AAAAAAAAAABmZmZmZmb2PwAAAAAAAPg/ZmZmZmZm9j9mZmZmZmb2P5qZmZmZmfk/mpmZmZmZ+T8AAAAAAAD4PzMzMzMzM/s/mpmZmZmZ+T8zMzMzMzP7P5qZmZmZmfk/zczMzMzM/D+amZmZmZn5PzMzMzMzM/s/AAAAAAAA+D+amZmZmZn5P2ZmZmZmZuY/AAAAAAAA4D+amZmZmZnJP5qZmZmZmfE/MzMzMzMz8z8zMzMzMzPzPzMzMzMzM/M/AAAAAAAA+D9mZmZmZmb2PzMzMzMzM/M/MzMzMzMz8z8zMzMzMzP7PzMzMzMzM/s/MzMzMzMz8z8zMzMzMzP7PwAAAAAAAPA/mpmZmZmZ8T8zMzMzMzPzPzMzMzMzM/s/AAAAAAAAAAAzMzMzMzP7P83MzMzMzPw/ZmZmZmZm9j9mZmZmZmb2P83MzMzMzOw/mpmZmZmZ6T8AAAAAAADwP5qZmZmZmfE/AAAAAAAA8D8AAAAAAADwP5qZmZmZmfE/MzMzMzMz8z9mZmZmZmb2PzMzMzMzM/M/AAAAAAAA8D8AAAAAAADwPwAAAAAAAPA/MzMzMzMz4z9mZmZmZmbmP5qZmZmZmdk/ZmZmZmZm5j+amZmZmZnpPwAAAAAAAOA/AAAAAAAA4D9mZmZmZmbmPzMzMzMzM+M/mpmZmZmZ6T/NzMzMzMzsP5qZmZmZmek/MzMzMzMz4z8AAAAAAAAAAAAAAAAAAOA/MzMzMzMz4z8zMzMzMzPzP83MzMzMzARAAAAAAAAABEAzMzMzMzP7P2ZmZmZmZv4/AAAAAAAAAADNzMzMzMwEQDMzMzMzMwNAAAAAAAAAAEDNzMzMzMz8P5qZmZmZmfk/zczMzMzMAEDNzMzMzMwEQGZmZmZmZgJAAAAAAAAABECamZmZmZkBQDMzMzMzM/s/MzMzMzMz+z9mZmZmZmYCQGZmZmZmZv4/ZmZmZmZmAkAAAAAAAAAAQJqZmZmZmfk/zczMzMzMAEAQAAAADAAUABIADAAIAAQADAAAABAAAAAsAAAAPAAAAAAAAwABAAAAOAQAAAAAAABgAQAAAAAAAOAjAAAAAAAAAAAAAAAAAAAAAAAAAAAKAAwAAAAIAAQACgAAAAgAAABQAQAAAwAAAFAAAAAoAAAABAAAAGj8//8IAAAADAAAAAAAAAAAAAAABQAAAHJlZklkAAAAiPz//wgAAAAQAAAABAAAAHdpbmQAAAAABAAAAG5hbWUAAAAArPz//wgAAADkAAAA2gAAAHsiZXhlY3V0ZWRRdWVyeVN0cmluZyI6InRpbWVfem9uZT1nbXRcdTAwMjZhcHBsaWNhdGlvbj1HcmFmYW5hXHUwMDI2Zm9ybWF0PWpzb25cdTAwMjZkYXR1bT1TVE5EXHUwMDI2dW5pdHM9bWV0cmljXHUwMDI2YmVnaW5fZGF0ZT0yMDIwMTAwMSswMCUzQTAwXHUwMDI2ZW5kX2RhdGU9MjAyMDEwMDIrMDAlM0EwMVx1MDAyNnN0YXRpb249OTQxNDc1MFx1MDAyNnByb2R1Y3Q9d2luZCJ9AAAEAAAAbWV0YQAAAAAFAAAAOAIAAJgBAAD8AAAAlAAAAAQAAADu/f//FAAAAGwAAABsAAAAAAAAA2wAAAACAAAALAAAAAQAAADg/f//CAAAABAAAAAFAAAAR3VzdHMAAAAEAAAAbmFtZQAAAAAE/v//CAAAABgAAAAPAAAAeyJ1bml0Ijoia250cyJ9AAYAAABjb25maWcAAAAAAAAC/v//AAACAAUAAABHdXN0cwAAAHr+//8UAAAAQAAAAEQAAAAAAAAFQAAAAAEAAAAEAAAAaP7//wgAAAAUAAAACQAAAERpcmVjdGlvbgAAAAQAAABuYW1lAAAAAAAAAAAEAAQABAAAAAkAAABEaXJlY3Rpb24AAADe/v//FAAAAHQAAAB0AAAAAAAAA3QAAAACAAAAMAAAAAQAAADQ/v//CAAAABQAAAAJAAAARGlyZWN0aW9uAAAABAAAAG5hbWUAAAAA+P7//wgAAAAcAAAAEQAAAHsidW5pdCI6ImRlZ3JlZSJ9AAAABgAAAGNvbmZpZwAAAAAAAPr+//8AAAIACQAAAERpcmVjdGlvbgAAAHb///8UAAAAbAAAAGwAAAAAAAADbAAAAAIAAAAsAAAABAAAAGj///8IAAAAEAAAAAUAAABTcGVlZAAAAAQAAABuYW1lAAAAAIz///8IAAAAGAAAAA8AAAB7InVuaXQiOiJrbnRzIn0ABgAAAGNvbmZpZwAAAAAAAIr///8AAAIABQAAAFNwZWVkABIAGAAUAAAAEwAMAAAACAAEABIAAAAUAAAARAAAAEwAAAAAAAAKTAAAAAEAAAAMAAAACAAMAAgABAAIAAAACAAAABAAAAAEAAAAVGltZQAAAAAEAAAAbmFtZQAAAAAAAAAAAAAGAAgABgAGAAAAAAADAAQAAABUaW1lAAAAAFgEAABBUlJPVzE=
